Running Sphinx v8.2.3
loading translations [en]... done
loading pickled environment... The configuration has changed (3 options: 'html_permalinks_icon', 'html_theme_options', 'templates_path')
done
myst v4.0.1: MdParserConfig(commonmark_only=False, gfm_only=False, enable_extensions=set(), disable_syntax=[], all_links_external=False, links_external_new_tab=False, url_schemes=('http', 'https', 'mailto', 'ftp'), ref_domains=None, fence_as_directive=set(), number_code_blocks=[], title_to_header=False, heading_anchors=3, heading_slug_func=None, html_meta={}, footnote_sort=True, footnote_transition=True, words_per_minute=200, substitutions={}, linkify_fuzzy_links=True, dmath_allow_labels=True, dmath_allow_space=True, dmath_allow_digits=True, dmath_double_inline=False, update_mathjax=True, mathjax_classes='tex2jax_process|mathjax_process|math|output_area', enable_checkboxes=False, suppress_warnings=[], highlight_code_blocks=True)
myst-nb v1.4.0: NbParserConfig(custom_formats={}, metadata_key='mystnb', cell_metadata_key='mystnb', kernel_rgx_aliases={}, eval_name_regex='^[a-zA-Z_][a-zA-Z0-9_]*$', execution_mode='off', execution_cache_path='', execution_excludepatterns=(), execution_timeout=30, execution_in_temp=False, execution_allow_errors=False, execution_raise_on_error=False, execution_show_tb=False, merge_streams=False, render_plugin='default', remove_code_source=False, remove_code_outputs=False, scroll_outputs=False, code_prompt_show='Show code cell {type}', code_prompt_hide='Hide code cell {type}', number_source_lines=False, output_stderr='show', render_text_lexer='myst-ansi', render_error_lexer='ipythontb', render_image_options={}, render_figure_options={}, render_markdown_format='commonmark', output_folder='build', append_css=True, metadata_to_fm=False)
Using jupyter-cache at: /tmp/phmt-cookbook-attribution-sphinx/.jupyter_cache
building [mo]: targets for 0 po files that are out of date
writing output... 
building [html]: targets for 1 source files that are out of date
updating environment: 1 added, 1 changed, 0 removed
reading sources... [ 50%] index
reading sources... [100%] pharmacophore_curation

looking for now-outdated files... none found
pickling environment... done
checking consistency... done
preparing documents... done
copying assets... 
copying static files... 
Writing evaluated template result to /tmp/phmt-cookbook-attribution-sphinx/html/_static/documentation_options.js
Writing evaluated template result to /tmp/phmt-cookbook-attribution-sphinx/html/_static/basic.css
Writing evaluated template result to /tmp/phmt-cookbook-attribution-sphinx/html/_static/language_data.js
copying static files: done
copying extra files... 
copying extra files: done
copying assets: done
writing output... [ 50%] index
writing output... [100%] pharmacophore_curation

generating indices... genindex done
writing additional pages... search done
dumping search index in English (code: en)... done
dumping object inventory... done
build succeeded.

The HTML pages are in ../../../../tmp/phmt-cookbook-attribution-sphinx/html.
